
> hlpflrecords@2.1.0 build
> next build

  ▲ Next.js 14.2.35
  - Experiments (use with caution):
    · optimizeCss

   Creating an optimized production build ...
> [PWA] Compile server
> [PWA] Compile server
> [PWA] Compile client (static)
> [PWA] Auto register service worker with: /workspace/hlpflrecords/node_modules/next-pwa/register.js
> [PWA] Service worker: /workspace/hlpflrecords/public/sw.js
> [PWA]   url: /sw.js
> [PWA]   scope: /
 ✓ Compiled successfully
   Linting and checking validity of types ...

./src/__tests__/components/CreativeEasterEggs.test.tsx
112:18  Warning: Unexpected any. Specify a different type.  @typescript-eslint/no-explicit-any

./src/app/about/page.tsx
62:64  Warning: `'` can be escaped with `&apos;`, `&lsquo;`, `&#39;`, `&rsquo;`.  react/no-unescaped-entities
134:33  Warning: 'index' is defined but never used. Allowed unused args must match /^_/u.  @typescript-eslint/no-unused-vars
200:24  Warning: `'` can be escaped with `&apos;`, `&lsquo;`, `&#39;`, `&rsquo;`.  react/no-unescaped-entities
200:164  Warning: `'` can be escaped with `&apos;`, `&lsquo;`, `&#39;`, `&rsquo;`.  react/no-unescaped-entities

./src/app/api/chatbot-analytics/route.ts
8:9  Warning: Unexpected any. Specify a different type.  @typescript-eslint/no-explicit-any
29:7  Warning: Unexpected console statement.  no-console

./src/app/api/contact/route.ts
133:5  Warning: Unexpected console statement.  no-console
183:31  Warning: 'request' is defined but never used. Allowed unused args must match /^_/u.  @typescript-eslint/no-unused-vars

./src/app/artist-portal/page.tsx
125:17  Warning: `'` can be escaped with `&apos;`, `&lsquo;`, `&#39;`, `&rsquo;`.  react/no-unescaped-entities
125:24  Warning: `'` can be escaped with `&apos;`, `&lsquo;`, `&#39;`, `&rsquo;`.  react/no-unescaped-entities
211:58  Warning: `"` can be escaped with `&quot;`, `&ldquo;`, `&#34;`, `&rdquo;`.  react/no-unescaped-entities
211:74  Warning: `"` can be escaped with `&quot;`, `&ldquo;`, `&#34;`, `&rdquo;`.  react/no-unescaped-entities

./src/app/artists/page.tsx
7:10  Warning: 'Card' is defined but never used. Allowed unused vars must match /^_/u.  @typescript-eslint/no-unused-vars
239:21  Warning: `'` can be escaped with `&apos;`, `&lsquo;`, `&#39;`, `&rsquo;`.  react/no-unescaped-entities
240:25  Warning: `'` can be escaped with `&apos;`, `&lsquo;`, `&#39;`, `&rsquo;`.  react/no-unescaped-entities

./src/app/contact/page.tsx
136:73  Warning: `'` can be escaped with `&apos;`, `&lsquo;`, `&#39;`, `&rsquo;`.  react/no-unescaped-entities
137:15  Warning: `'` can be escaped with `&apos;`, `&lsquo;`, `&#39;`, `&rsquo;`.  react/no-unescaped-entities
137:70  Warning: `'` can be escaped with `&apos;`, `&lsquo;`, `&#39;`, `&rsquo;`.  react/no-unescaped-entities
138:82  Warning: `'` can be escaped with `&apos;`, `&lsquo;`, `&#39;`, `&rsquo;`.  react/no-unescaped-entities

./src/app/layout.tsx
33:7  Warning: 'bebasNeue' is assigned a value but never used. Allowed unused vars must match /^_/u.  @typescript-eslint/no-unused-vars

./src/app/legal/cookies/page.tsx
43:56  Warning: `"` can be escaped with `&quot;`, `&ldquo;`, `&#34;`, `&rdquo;`.  react/no-unescaped-entities
43:60  Warning: `"` can be escaped with `&quot;`, `&ldquo;`, `&#34;`, `&rdquo;`.  react/no-unescaped-entities
43:62  Warning: `"` can be escaped with `&quot;`, `&ldquo;`, `&#34;`, `&rdquo;`.  react/no-unescaped-entities
43:66  Warning: `"` can be escaped with `&quot;`, `&ldquo;`, `&#34;`, `&rdquo;`.  react/no-unescaped-entities
43:71  Warning: `"` can be escaped with `&quot;`, `&ldquo;`, `&#34;`, `&rdquo;`.  react/no-unescaped-entities
43:75  Warning: `"` can be escaped with `&quot;`, `&ldquo;`, `&#34;`, `&rdquo;`.  react/no-unescaped-entities
141:125  Warning: `"` can be escaped with `&quot;`, `&ldquo;`, `&#34;`, `&rdquo;`.  react/no-unescaped-entities
141:138  Warning: `"` can be escaped with `&quot;`, `&ldquo;`, `&#34;`, `&rdquo;`.  react/no-unescaped-entities

./src/app/legal/copyright/page.tsx
130:33  Warning: `"` can be escaped with `&quot;`, `&ldquo;`, `&#34;`, `&rdquo;`.  react/no-unescaped-entities
130:55  Warning: `"` can be escaped with `&quot;`, `&ldquo;`, `&#34;`, `&rdquo;`.  react/no-unescaped-entities
183:35  Warning: `'` can be escaped with `&apos;`, `&lsquo;`, `&#39;`, `&rsquo;`.  react/no-unescaped-entities
219:62  Warning: `"` can be escaped with `&quot;`, `&ldquo;`, `&#34;`, `&rdquo;`.  react/no-unescaped-entities
219:71  Warning: `"` can be escaped with `&quot;`, `&ldquo;`, `&#34;`, `&rdquo;`.  react/no-unescaped-entities
239:28  Warning: `"` can be escaped with `&quot;`, `&ldquo;`, `&#34;`, `&rdquo;`.  react/no-unescaped-entities
239:55  Warning: `"` can be escaped with `&quot;`, `&ldquo;`, `&#34;`, `&rdquo;`.  react/no-unescaped-entities
255:128  Warning: `"` can be escaped with `&quot;`, `&ldquo;`, `&#34;`, `&rdquo;`.  react/no-unescaped-entities
255:141  Warning: `"` can be escaped with `&quot;`, `&ldquo;`, `&#34;`, `&rdquo;`.  react/no-unescaped-entities

./src/app/legal/privacy/page.tsx
52:94  Warning: `"` can be escaped with `&quot;`, `&ldquo;`, `&#34;`, `&rdquo;`.  react/no-unescaped-entities
52:103  Warning: `"` can be escaped with `&quot;`, `&ldquo;`, `&#34;`, `&rdquo;`.  react/no-unescaped-entities
273:78  Warning: `'` can be escaped with `&apos;`, `&lsquo;`, `&#39;`, `&rsquo;`.  react/no-unescaped-entities

./src/app/legal/terms/page.tsx
52:102  Warning: `"` can be escaped with `&quot;`, `&ldquo;`, `&#34;`, `&rdquo;`.  react/no-unescaped-entities
52:111  Warning: `"` can be escaped with `&quot;`, `&ldquo;`, `&#34;`, `&rdquo;`.  react/no-unescaped-entities
52:164  Warning: `"` can be escaped with `&quot;`, `&ldquo;`, `&#34;`, `&rdquo;`.  react/no-unescaped-entities
52:170  Warning: `"` can be escaped with `&quot;`, `&ldquo;`, `&#34;`, `&rdquo;`.  react/no-unescaped-entities
57:91  Warning: `"` can be escaped with `&quot;`, `&ldquo;`, `&#34;`, `&rdquo;`.  react/no-unescaped-entities
57:100  Warning: `"` can be escaped with `&quot;`, `&ldquo;`, `&#34;`, `&rdquo;`.  react/no-unescaped-entities
57:102  Warning: `"` can be escaped with `&quot;`, `&ldquo;`, `&#34;`, `&rdquo;`.  react/no-unescaped-entities
57:106  Warning: `"` can be escaped with `&quot;`, `&ldquo;`, `&#34;`, `&rdquo;`.  react/no-unescaped-entities
57:108  Warning: `"` can be escaped with `&quot;`, `&ldquo;`, `&#34;`, `&rdquo;`.  react/no-unescaped-entities
57:112  Warning: `"` can be escaped with `&quot;`, `&ldquo;`, `&#34;`, `&rdquo;`.  react/no-unescaped-entities
57:117  Warning: `"` can be escaped with `&quot;`, `&ldquo;`, `&#34;`, `&rdquo;`.  react/no-unescaped-entities
57:121  Warning: `"` can be escaped with `&quot;`, `&ldquo;`, `&#34;`, `&rdquo;`.  react/no-unescaped-entities
58:29  Warning: `"` can be escaped with `&quot;`, `&ldquo;`, `&#34;`, `&rdquo;`.  react/no-unescaped-entities
58:38  Warning: `"` can be escaped with `&quot;`, `&ldquo;`, `&#34;`, `&rdquo;`.  react/no-unescaped-entities
82:37  Warning: `"` can be escaped with `&quot;`, `&ldquo;`, `&#34;`, `&rdquo;`.  react/no-unescaped-entities
82:50  Warning: `"` can be escaped with `&quot;`, `&ldquo;`, `&#34;`, `&rdquo;`.  react/no-unescaped-entities
112:115  Warning: `"` can be escaped with `&quot;`, `&ldquo;`, `&#34;`, `&rdquo;`.  react/no-unescaped-entities
112:131  Warning: `"` can be escaped with `&quot;`, `&ldquo;`, `&#34;`, `&rdquo;`.  react/no-unescaped-entities
125:93  Warning: `"` can be escaped with `&quot;`, `&ldquo;`, `&#34;`, `&rdquo;`.  react/no-unescaped-entities
125:102  Warning: `"` can be escaped with `&quot;`, `&ldquo;`, `&#34;`, `&rdquo;`.  react/no-unescaped-entities
167:55  Warning: `'` can be escaped with `&apos;`, `&lsquo;`, `&#39;`, `&rsquo;`.  react/no-unescaped-entities
194:60  Warning: `"` can be escaped with `&quot;`, `&ldquo;`, `&#34;`, `&rdquo;`.  react/no-unescaped-entities
194:69  Warning: `"` can be escaped with `&quot;`, `&ldquo;`, `&#34;`, `&rdquo;`.  react/no-unescaped-entities
201:95  Warning: `"` can be escaped with `&quot;`, `&ldquo;`, `&#34;`, `&rdquo;`.  react/no-unescaped-entities
201:99  Warning: `"` can be escaped with `&quot;`, `&ldquo;`, `&#34;`, `&rdquo;`.  react/no-unescaped-entities
212:115  Warning: `'` can be escaped with `&apos;`, `&lsquo;`, `&#39;`, `&rsquo;`.  react/no-unescaped-entities
221:27  Warning: `'` can be escaped with `&apos;`, `&lsquo;`, `&#39;`, `&rsquo;`.  react/no-unescaped-entities
234:43  Warning: `"` can be escaped with `&quot;`, `&ldquo;`, `&#34;`, `&rdquo;`.  react/no-unescaped-entities
234:49  Warning: `"` can be escaped with `&quot;`, `&ldquo;`, `&#34;`, `&rdquo;`.  react/no-unescaped-entities
234:55  Warning: `"` can be escaped with `&quot;`, `&ldquo;`, `&#34;`, `&rdquo;`.  react/no-unescaped-entities
234:68  Warning: `"` can be escaped with `&quot;`, `&ldquo;`, `&#34;`, `&rdquo;`.  react/no-unescaped-entities

./src/app/licensing/page.tsx
65:61  Warning: `'` can be escaped with `&apos;`, `&lsquo;`, `&#39;`, `&rsquo;`.  react/no-unescaped-entities
280:21  Warning: `'` can be escaped with `&apos;`, `&lsquo;`, `&#39;`, `&rsquo;`.  react/no-unescaped-entities
319:192  Warning: `'` can be escaped with `&apos;`, `&lsquo;`, `&#39;`, `&rsquo;`.  react/no-unescaped-entities

./src/app/news/page.tsx
4:8  Warning: 'Link' is defined but never used. Allowed unused vars must match /^_/u.  @typescript-eslint/no-unused-vars
24:92  Warning: `'` can be escaped with `&apos;`, `&lsquo;`, `&#39;`, `&rsquo;`.  react/no-unescaped-entities

./src/app/partners/page.tsx
146:17  Warning: `"` can be escaped with `&quot;`, `&ldquo;`, `&#34;`, `&rdquo;`.  react/no-unescaped-entities
147:77  Warning: `"` can be escaped with `&quot;`, `&ldquo;`, `&#34;`, `&rdquo;`.  react/no-unescaped-entities
165:17  Warning: `"` can be escaped with `&quot;`, `&ldquo;`, `&#34;`, `&rdquo;`.  react/no-unescaped-entities
166:69  Warning: `"` can be escaped with `&quot;`, `&ldquo;`, `&#34;`, `&rdquo;`.  react/no-unescaped-entities
184:17  Warning: `"` can be escaped with `&quot;`, `&ldquo;`, `&#34;`, `&rdquo;`.  react/no-unescaped-entities
185:73  Warning: `"` can be escaped with `&quot;`, `&ldquo;`, `&#34;`, `&rdquo;`.  react/no-unescaped-entities
311:15  Warning: `'` can be escaped with `&apos;`, `&lsquo;`, `&#39;`, `&rsquo;`.  react/no-unescaped-entities

./src/app/releases/page.tsx
9:28  Warning: 'Music' is defined but never used. Allowed unused vars must match /^_/u.  @typescript-eslint/no-unused-vars
207:16  Warning: `'` can be escaped with `&apos;`, `&lsquo;`, `&#39;`, `&rsquo;`.  react/no-unescaped-entities
207:32  Warning: `'` can be escaped with `&apos;`, `&lsquo;`, `&#39;`, `&rsquo;`.  react/no-unescaped-entities
207:67  Warning: `'` can be escaped with `&apos;`, `&lsquo;`, `&#39;`, `&rsquo;`.  react/no-unescaped-entities

./src/app/submit-music/page.tsx
4:31  Warning: 'User' is defined but never used. Allowed unused vars must match /^_/u.  @typescript-eslint/no-unused-vars
21:15  Warning: `'` can be escaped with `&apos;`, `&lsquo;`, `&#39;`, `&rsquo;`.  react/no-unescaped-entities
29:72  Warning: `'` can be escaped with `&apos;`, `&lsquo;`, `&#39;`, `&rsquo;`.  react/no-unescaped-entities

./src/components/CreativeEasterEggs.tsx
138:5  Warning: Unexpected console statement.  no-console
154:7  Warning: Unexpected console statement.  no-console
232:9  Warning: Unexpected console statement.  no-console

./src/components/EnhancedErrorBoundary.tsx
45:53  Warning: Unexpected any. Specify a different type.  @typescript-eslint/no-explicit-any
46:18  Warning: Unexpected any. Specify a different type.  @typescript-eslint/no-explicit-any

./src/components/ErrorBoundary.tsx
74:17  Warning: `'` can be escaped with `&apos;`, `&lsquo;`, `&#39;`, `&rsquo;`.  react/no-unescaped-entities

./src/components/LazyImage.tsx
70:11  Warning: Using `<img>` could result in slower LCP and higher bandwidth. Consider using `<Image />` from `next/image` to automatically optimize images. This may incur additional usage or cost from your provider. See: https://nextjs.org/docs/messages/no-img-element  @next/next/no-img-element

./src/components/SecretMusicPlayer.tsx
40:64  Warning: Unexpected any. Specify a different type.  @typescript-eslint/no-explicit-any
169:18  Warning: The ref value 'audioRef.current' will likely have changed by the time this effect cleanup function runs. If this ref points to a node rendered by React, copy 'audioRef.current' to a variable inside the effect, and use that variable in the cleanup function.  react-hooks/exhaustive-deps

./src/components/WebVitals.tsx
8:51  Warning: Unexpected any. Specify a different type.  @typescript-eslint/no-explicit-any
9:16  Warning: Unexpected any. Specify a different type.  @typescript-eslint/no-explicit-any
19:5  Warning: Unexpected console statement.  no-console
63:11  Warning: Unexpected console statement.  no-console
67:24  Warning: Unexpected any. Specify a different type.  @typescript-eslint/no-explicit-any
69:24  Warning: Unexpected any. Specify a different type.  @typescript-eslint/no-explicit-any

./src/components/accessibility/AccessibilityHelper.tsx
18:16  Warning: Unexpected any. Specify a different type.  @typescript-eslint/no-explicit-any
124:51  Warning: Unexpected any. Specify a different type.  @typescript-eslint/no-explicit-any
125:16  Warning: Unexpected any. Specify a different type.  @typescript-eslint/no-explicit-any

./src/components/animations/HoverEffects.tsx
12:44  Warning: 'variant' is assigned a value but never used. Allowed unused vars must match /^_/u.  @typescript-eslint/no-unused-vars

./src/components/animations/PageTransition.tsx
3:18  Warning: 'AnimatePresence' is defined but never used. Allowed unused vars must match /^_/u.  @typescript-eslint/no-unused-vars

./src/components/performance/OptimizedImage.tsx
90:9  Warning: Using `<img>` could result in slower LCP and higher bandwidth. Consider using `<Image />` from `next/image` to automatically optimize images. This may incur additional usage or cost from your provider. See: https://nextjs.org/docs/messages/no-img-element  @next/next/no-img-element

./src/components/performance/PerformanceMetrics.tsx
25:58  Warning: Unexpected any. Specify a different type.  @typescript-eslint/no-explicit-any
33:33  Warning: Unexpected any. Specify a different type.  @typescript-eslint/no-explicit-any
43:26  Warning: Unexpected any. Specify a different type.  @typescript-eslint/no-explicit-any
44:35  Warning: Unexpected any. Specify a different type.  @typescript-eslint/no-explicit-any
61:80  Warning: Unexpected any. Specify a different type.  @typescript-eslint/no-explicit-any
77:88  Warning: Unexpected any. Specify a different type.  @typescript-eslint/no-explicit-any
80:22  Warning: Unexpected any. Specify a different type.  @typescript-eslint/no-explicit-any
100:78  Warning: Unexpected any. Specify a different type.  @typescript-eslint/no-explicit-any

./src/components/search/GlobalSearch.tsx
155:38  Warning: `"` can be escaped with `&quot;`, `&ldquo;`, `&#34;`, `&rdquo;`.  react/no-unescaped-entities
155:46  Warning: `"` can be escaped with `&quot;`, `&ldquo;`, `&#34;`, `&rdquo;`.  react/no-unescaped-entities
176:19  Warning: Using `<img>` could result in slower LCP and higher bandwidth. Consider using `<Image />` from `next/image` to automatically optimize images. This may incur additional usage or cost from your provider. See: https://nextjs.org/docs/messages/no-img-element  @next/next/no-img-element

./src/components/sections/AboutSection.tsx
24:26  Warning: `'` can be escaped with `&apos;`, `&lsquo;`, `&#39;`, `&rsquo;`.  react/no-unescaped-entities
24:47  Warning: `'` can be escaped with `&apos;`, `&lsquo;`, `&#39;`, `&rsquo;`.  react/no-unescaped-entities
24:107  Warning: `'` can be escaped with `&apos;`, `&lsquo;`, `&#39;`, `&rsquo;`.  react/no-unescaped-entities
28:43  Warning: `'` can be escaped with `&apos;`, `&lsquo;`, `&#39;`, `&rsquo;`.  react/no-unescaped-entities

./src/components/sections/FeaturedArtistsSection.tsx
5:8  Warning: 'Image' is defined but never used. Allowed unused vars must match /^_/u.  @typescript-eslint/no-unused-vars
20:93  Warning: `'` can be escaped with `&apos;`, `&lsquo;`, `&#39;`, `&rsquo;`.  react/no-unescaped-entities
20:108  Warning: `'` can be escaped with `&apos;`, `&lsquo;`, `&#39;`, `&rsquo;`.  react/no-unescaped-entities
31:37  Warning: 'index' is defined but never used. Allowed unused args must match /^_/u.  @typescript-eslint/no-unused-vars
85:103  Warning: `'` can be escaped with `&apos;`, `&lsquo;`, `&#39;`, `&rsquo;`.  react/no-unescaped-entities
85:154  Warning: `'` can be escaped with `&apos;`, `&lsquo;`, `&#39;`, `&rsquo;`.  react/no-unescaped-entities

./src/components/sections/HeroSection.tsx
5:35  Warning: 'Globe' is defined but never used. Allowed unused vars must match /^_/u.  @typescript-eslint/no-unused-vars
5:42  Warning: 'Users' is defined but never used. Allowed unused vars must match /^_/u.  @typescript-eslint/no-unused-vars

./src/components/sections/ServicesSection.tsx
60:35  Warning: 'index' is defined but never used. Allowed unused args must match /^_/u.  @typescript-eslint/no-unused-vars
98:43  Warning: `"` can be escaped with `&quot;`, `&ldquo;`, `&#34;`, `&rdquo;`.  react/no-unescaped-entities
98:52  Warning: `"` can be escaped with `&quot;`, `&ldquo;`, `&#34;`, `&rdquo;`.  react/no-unescaped-entities

./src/components/ui/Chatbot.tsx
4:10  Warning: 'Button' is defined but never used. Allowed unused vars must match /^_/u.  @typescript-eslint/no-unused-vars
123:6  Warning: React Hook useEffect has missing dependencies: 'conversationData.sessionId' and 'conversationData.userId'. Either include them or remove the dependency array.  react-hooks/exhaustive-deps

./src/components/ui/PremiumCard.tsx
127:13  Warning: 'rect' is assigned a value but never used. Allowed unused vars must match /^_/u.  @typescript-eslint/no-unused-vars

./src/components/ui/Toast.tsx
80:40  Warning: Unexpected any. Specify a different type.  @typescript-eslint/no-explicit-any
81:56  Warning: Unexpected any. Specify a different type.  @typescript-eslint/no-explicit-any

./src/contexts/ThemeContext.tsx
42:6  Warning: React Hook useEffect has a missing dependency: 'resolveTheme'. Either include it or remove the dependency array.  react-hooks/exhaustive-deps

./src/lib/Api-Client.ts
65:31  Warning: 'message' is defined but never used. Allowed unused args must match /^_/u.  @typescript-eslint/no-unused-vars

./src/lib/analytics.ts
9:37  Warning: Unexpected any. Specify a different type.  @typescript-eslint/no-explicit-any
11:51  Warning: Unexpected any. Specify a different type.  @typescript-eslint/no-explicit-any
12:16  Warning: Unexpected any. Specify a different type.  @typescript-eslint/no-explicit-any
23:51  Warning: Unexpected any. Specify a different type.  @typescript-eslint/no-explicit-any
24:16  Warning: Unexpected any. Specify a different type.  @typescript-eslint/no-explicit-any
32:70  Warning: Unexpected any. Specify a different type.  @typescript-eslint/no-explicit-any

./src/lib/chatbotAnalytics.ts
231:48  Warning: Unexpected any. Specify a different type.  @typescript-eslint/no-explicit-any
236:53  Warning: Unexpected any. Specify a different type.  @typescript-eslint/no-explicit-any
237:18  Warning: Unexpected any. Specify a different type.  @typescript-eslint/no-explicit-any
243:53  Warning: Unexpected any. Specify a different type.  @typescript-eslint/no-explicit-any
244:18  Warning: Unexpected any. Specify a different type.  @typescript-eslint/no-explicit-any
265:7  Warning: Unexpected console statement.  no-console

./src/lib/logger.ts
12:10  Warning: Unexpected any. Specify a different type.  @typescript-eslint/no-explicit-any
23:62  Warning: Unexpected any. Specify a different type.  @typescript-eslint/no-explicit-any
35:33  Warning: 'entry' is defined but never used. Allowed unused args must match /^_/u.  @typescript-eslint/no-unused-vars
46:32  Warning: Unexpected any. Specify a different type.  @typescript-eslint/no-explicit-any
50:7  Warning: Unexpected console statement.  no-console
61:32  Warning: Unexpected any. Specify a different type.  @typescript-eslint/no-explicit-any
76:34  Warning: Unexpected any. Specify a different type.  @typescript-eslint/no-explicit-any
92:33  Warning: Unexpected any. Specify a different type.  @typescript-eslint/no-explicit-any
94:13  Warning: 'entry' is assigned a value but never used. Allowed unused vars must match /^_/u.  @typescript-eslint/no-unused-vars
95:7  Warning: Unexpected console statement.  no-console
102:35  Warning: Unexpected any. Specify a different type.  @typescript-eslint/no-explicit-any
106:7  Warning: Unexpected console statement.  no-console

./src/lib/performance.ts
21:7  Warning: Unexpected console statement.  no-console
50:7  Warning: Unexpected console statement.  no-console
76:11  Warning: Unexpected console statement.  no-console

./src/lib/webVitals.ts
40:5  Warning: Unexpected console statement.  no-console

./src/test/setup.ts
34:6  Warning: Unexpected any. Specify a different type.  @typescript-eslint/no-explicit-any

info  - Need to disable some ESLint rules? Learn more here: https://nextjs.org/docs/basic-features/eslint#disabling-rules
   Collecting page data ...
   Generating static pages (0/22) ...
   Generating static pages (5/22) 
Time 4.080648
Time 1.110562
   Generating static pages (10/22) 
   Generating static pages (16/22) 
 ✓ Generating static pages (22/22)
   Finalizing page optimization ...
   Collecting build traces ...

Route (app)                              Size     First Load JS
┌ ○ /                                    3.78 kB         113 kB
├ ○ /_not-found                          138 B          87.6 kB
├ ○ /about                               3.21 kB         110 kB
├ ƒ /api/chatbot-analytics               0 B                0 B
├ ƒ /api/contact                         0 B                0 B
├ ○ /artist-portal                       3.14 kB        99.3 kB
├ ○ /artists                             36.7 kB         138 kB
├ ○ /contact                             4.85 kB        92.3 kB
├ ○ /legal/cookies                       182 B          96.3 kB
├ ○ /legal/copyright                     182 B          96.3 kB
├ ○ /legal/privacy                       182 B          96.3 kB
├ ○ /legal/terms                         182 B          96.3 kB
├ ○ /licensing                           4.88 kB         101 kB
├ ○ /manifest.webmanifest                0 B                0 B
├ ○ /news                                3 kB           95.5 kB
├ ○ /partners                            4.91 kB         101 kB
├ ○ /releases                            2.6 kB          110 kB
├ ○ /robots.txt                          0 B                0 B
├ ○ /sitemap.xml                         0 B                0 B
└ ○ /submit-music                        3.35 kB        90.8 kB
+ First Load JS shared by all            87.5 kB
  ├ chunks/117-9ad9bac1b3bb3713.js       31.9 kB
  ├ chunks/fd9d1056-73b32697e2279a9f.js  53.6 kB
  └ other shared chunks (total)          1.95 kB


○  (Static)   prerendered as static content
ƒ  (Dynamic)  server-rendered on demand

